[ 2025-06-17 17:01:33,046 ] root - INFO - Entered the start_data_ingestion method of TrainPipeline class
[ 2025-06-17 17:01:33,046 ] root - INFO - Getting the data from mongodb
[ 2025-06-17 17:01:33,046 ] root - INFO - Entered initiate_data_ingestion method of Data_Ingestion class
[ 2025-06-17 17:01:33,047 ] root - INFO - Exporting data from mongodb
[ 2025-06-17 17:01:33,480 ] pymongo.connection - DEBUG - {"clientId": {"$oid": "68515215a62d803077429200"}, "message": "Connection pool created", "serverHost": "ac-hkb29zc-shard-00-02.tvj8rol.mongodb.net", "serverPort": 27017}
[ 2025-06-17 17:01:33,481 ] pymongo.connection - DEBUG - {"clientId": {"$oid": "68515215a62d803077429200"}, "message": "Connection pool created", "serverHost": "ac-hkb29zc-shard-00-00.tvj8rol.mongodb.net", "serverPort": 27017}
[ 2025-06-17 17:01:33,485 ] pymongo.connection - DEBUG - {"clientId": {"$oid": "68515215a62d803077429200"}, "message": "Connection pool created", "serverHost": "ac-hkb29zc-shard-00-01.tvj8rol.mongodb.net", "serverPort": 27017}
[ 2025-06-17 17:01:33,486 ] root - INFO - MongoDB connection succesfull
[ 2025-06-17 17:01:33,486 ] pymongo.serverSelection - DEBUG - {"message": "Server selection started", "selector": "Primary()", "operation": "find", "topologyDescription": "<TopologyDescription id: 68515215a62d803077429200, topology_type: ReplicaSetNoPrimary, servers: [<ServerDescription ('ac-hkb29zc-shard-00-00.tvj8rol.mongodb.net', 27017) server_type: Unknown, rtt: None>, <ServerDescription ('ac-hkb29zc-shard-00-01.tvj8rol.mongodb.net', 27017) server_type: Unknown, rtt: None>, <ServerDescription ('ac-hkb29zc-shard-00-02.tvj8rol.mongodb.net', 27017) server_type: Unknown, rtt: None>]>", "clientId": {"$oid": "68515215a62d803077429200"}}
[ 2025-06-17 17:01:33,486 ] pymongo.serverSelection - DEBUG - {"message": "Waiting for suitable server to become available", "selector": "Primary()", "operation": "find", "topologyDescription": "<TopologyDescription id: 68515215a62d803077429200, topology_type: ReplicaSetNoPrimary, servers: [<ServerDescription ('ac-hkb29zc-shard-00-00.tvj8rol.mongodb.net', 27017) server_type: Unknown, rtt: None>, <ServerDescription ('ac-hkb29zc-shard-00-01.tvj8rol.mongodb.net', 27017) server_type: Unknown, rtt: None>, <ServerDescription ('ac-hkb29zc-shard-00-02.tvj8rol.mongodb.net', 27017) server_type: Unknown, rtt: None>]>", "clientId": {"$oid": "68515215a62d803077429200"}, "remainingTimeMS": 30}
[ 2025-06-17 17:01:33,592 ] pymongo.connection - DEBUG - {"clientId": {"$oid": "68515215a62d803077429200"}, "message": "Connection pool ready", "serverHost": "ac-hkb29zc-shard-00-01.tvj8rol.mongodb.net", "serverPort": 27017}
[ 2025-06-17 17:01:33,617 ] pymongo.connection - DEBUG - {"clientId": {"$oid": "68515215a62d803077429200"}, "message": "Connection pool ready", "serverHost": "ac-hkb29zc-shard-00-02.tvj8rol.mongodb.net", "serverPort": 27017}
[ 2025-06-17 17:01:33,617 ] pymongo.serverSelection - DEBUG - {"message": "Server selection succeeded", "selector": "Primary()", "operation": "find", "topologyDescription": "<TopologyDescription id: 68515215a62d803077429200, topology_type: ReplicaSetWithPrimary, servers: [<ServerDescription ('ac-hkb29zc-shard-00-00.tvj8rol.mongodb.net', 27017) server_type: Unknown, rtt: None>, <ServerDescription ('ac-hkb29zc-shard-00-01.tvj8rol.mongodb.net', 27017) server_type: RSSecondary, rtt: 0.03099999999994907>, <ServerDescription ('ac-hkb29zc-shard-00-02.tvj8rol.mongodb.net', 27017) server_type: RSPrimary, rtt: 0.015000000000100044>]>", "clientId": {"$oid": "68515215a62d803077429200"}, "serverHost": "ac-hkb29zc-shard-00-02.tvj8rol.mongodb.net", "serverPort": 27017}
[ 2025-06-17 17:01:33,617 ] pymongo.connection - DEBUG - {"clientId": {"$oid": "68515215a62d803077429200"}, "message": "Connection checkout started", "serverHost": "ac-hkb29zc-shard-00-02.tvj8rol.mongodb.net", "serverPort": 27017}
[ 2025-06-17 17:01:33,617 ] pymongo.connection - DEBUG - {"clientId": {"$oid": "68515215a62d803077429200"}, "message": "Connection created", "serverHost": "ac-hkb29zc-shard-00-02.tvj8rol.mongodb.net", "serverPort": 27017, "driverConnectionId": 1}
[ 2025-06-17 17:01:33,623 ] pymongo.connection - DEBUG - {"clientId": {"$oid": "68515215a62d803077429200"}, "message": "Connection pool ready", "serverHost": "ac-hkb29zc-shard-00-00.tvj8rol.mongodb.net", "serverPort": 27017}
[ 2025-06-17 17:01:33,822 ] pymongo.connection - DEBUG - {"clientId": {"$oid": "68515215a62d803077429200"}, "message": "Connection ready", "serverHost": "ac-hkb29zc-shard-00-02.tvj8rol.mongodb.net", "serverPort": 27017, "driverConnectionId": 1, "durationMS": 0.07899999999995089}
[ 2025-06-17 17:01:33,823 ] pymongo.connection - DEBUG - {"clientId": {"$oid": "68515215a62d803077429200"}, "message": "Connection checked out", "serverHost": "ac-hkb29zc-shard-00-02.tvj8rol.mongodb.net", "serverPort": 27017, "driverConnectionId": 1, "durationMS": 0.2039999999999509}
[ 2025-06-17 17:01:33,823 ] pymongo.command - DEBUG - {"clientId": {"$oid": "68515215a62d803077429200"}, "message": "Command started", "command": "{\"find\": \"visa_data\", \"lsid\": {\"id\": {\"$binary\": {\"base64\": \"PvfO65ugSZy1LFm3wRlE+g==\", \"subType\": \"04\"}}}, \"$clusterTime\": {\"clusterTime\": {\"$timestamp\": {\"t\": 1750159891, \"i\": 33}}, \"signature\": {\"hash\": {\"$binary\": {\"base64\": \"9Qz04SgSIKovxVSs0pn/Rq8go48=\", \"subType\": \"00\"}}, \"keyId\": 7474859170974400516}}, \"$db\": \"US_VISA\"}", "commandName": "find", "databaseName": "US_VISA", "requestId": 26500, "operationId": 26500, "driverConnectionId": 1, "serverConnectionId": 63909, "serverHost": "ac-hkb29zc-shard-00-02.tvj8rol.mongodb.net", "serverPort": 27017}
[ 2025-06-17 17:01:33,876 ] pymongo.command - DEBUG - {"clientId": {"$oid": "68515215a62d803077429200"}, "message": "Command succeeded", "durationMS": 53.258, "reply": "{\"cursor\": {\"firstBatch\": [{\"_id\": {\"$oid\": \"66953b18fca018da4e052833\"}, \"case_id\": \"EZYV05\", \"continent\": \"Africa\", \"education_of_employee\": \"Master's\", \"has_job_experience\": \"Y\", \"requires_job_training\": \"N\", \"no_of_employees\": 1082, \"yr_of_estab\": 2005, \"region_of_employment\": \"South\", \"prevailing_wage\": 149907.39, \"unit_of_wage\": \"Year\", \"full_time_position\": \"Y\", \"case_status\": \"Certified\"}, {\"_id\": {\"$oid\": \"66953b18fca018da4e05283b\"}, \"case_id\": \"EZYV13\", \"continent\": \"Asia\", \"education_of_employee\": \"Bachelor's\", \"has_job_experience\": \"Y\", \"requires_job_training\": \"N\", \"no_of_employees\": 123876, \"yr_of_estab\": 1963, \"region_of_employment\": \"Northeast\", \"prevailing_wage\": 28663.05, \"unit_of_wage\": \"Year\", \"full_time_position\": \"Y\", \"case_status\": \"Certified\"}, {\"_id\": {\"$oid\": \"66953b18fca018da4e052850\"}, \"case_id\": \"EZYV34\", \"continent\": \"Asia\", \"education_of_employee\": \"High School\", \"has_job_experience\": \"N\", \"requires_job_training\": \"N\", \"no_of_employees\": 2395, \"yr_of_estab...", "commandName": "find", "databaseName": "US_VISA", "requestId": 26500, "operationId": 26500, "driverConnectionId": 1, "serverConnectionId": 63909, "serverHost": "ac-hkb29zc-shard-00-02.tvj8rol.mongodb.net", "serverPort": 27017}
[ 2025-06-17 17:01:33,878 ] pymongo.connection - DEBUG - {"clientId": {"$oid": "68515215a62d803077429200"}, "message": "Connection checked in", "serverHost": "ac-hkb29zc-shard-00-02.tvj8rol.mongodb.net", "serverPort": 27017, "driverConnectionId": 1}
[ 2025-06-17 17:01:33,878 ] pymongo.serverSelection - DEBUG - {"message": "Server selection started", "selector": "<function any_server_selector at 0x0000013AA6911360>", "operation": "getMore", "topologyDescription": "<TopologyDescription id: 68515215a62d803077429200, topology_type: ReplicaSetWithPrimary, servers: [<ServerDescription ('ac-hkb29zc-shard-00-00.tvj8rol.mongodb.net', 27017) server_type: RSSecondary, rtt: 0.03099999999994907>, <ServerDescription ('ac-hkb29zc-shard-00-01.tvj8rol.mongodb.net', 27017) server_type: RSSecondary, rtt: 0.03099999999994907>, <ServerDescription ('ac-hkb29zc-shard-00-02.tvj8rol.mongodb.net', 27017) server_type: RSPrimary, rtt: 0.015000000000100044>]>", "clientId": {"$oid": "68515215a62d803077429200"}}
[ 2025-06-17 17:01:33,879 ] pymongo.serverSelection - DEBUG - {"message": "Server selection succeeded", "selector": "<function any_server_selector at 0x0000013AA6911360>", "operation": "getMore", "topologyDescription": "<TopologyDescription id: 68515215a62d803077429200, topology_type: ReplicaSetWithPrimary, servers: [<ServerDescription ('ac-hkb29zc-shard-00-00.tvj8rol.mongodb.net', 27017) server_type: RSSecondary, rtt: 0.03099999999994907>, <ServerDescription ('ac-hkb29zc-shard-00-01.tvj8rol.mongodb.net', 27017) server_type: RSSecondary, rtt: 0.03099999999994907>, <ServerDescription ('ac-hkb29zc-shard-00-02.tvj8rol.mongodb.net', 27017) server_type: RSPrimary, rtt: 0.015000000000100044>]>", "clientId": {"$oid": "68515215a62d803077429200"}, "serverHost": "ac-hkb29zc-shard-00-02.tvj8rol.mongodb.net", "serverPort": 27017}
[ 2025-06-17 17:01:33,879 ] pymongo.connection - DEBUG - {"clientId": {"$oid": "68515215a62d803077429200"}, "message": "Connection checkout started", "serverHost": "ac-hkb29zc-shard-00-02.tvj8rol.mongodb.net", "serverPort": 27017}
[ 2025-06-17 17:01:33,879 ] pymongo.connection - DEBUG - {"clientId": {"$oid": "68515215a62d803077429200"}, "message": "Connection checked out", "serverHost": "ac-hkb29zc-shard-00-02.tvj8rol.mongodb.net", "serverPort": 27017, "driverConnectionId": 1, "durationMS": 0.0}
[ 2025-06-17 17:01:33,879 ] pymongo.command - DEBUG - {"clientId": {"$oid": "68515215a62d803077429200"}, "message": "Command started", "command": "{\"getMore\": 1572588246628091072, \"collection\": \"visa_data\", \"lsid\": {\"id\": {\"$binary\": {\"base64\": \"PvfO65ugSZy1LFm3wRlE+g==\", \"subType\": \"04\"}}}, \"$clusterTime\": {\"clusterTime\": {\"$timestamp\": {\"t\": 1750159892, \"i\": 5}}, \"signature\": {\"hash\": {\"$binary\": {\"base64\": \"U+RqE3wuJaXKo0dFzN8mdFWwt/M=\", \"subType\": \"00\"}}, \"keyId\": 7474859170974400516}}, \"$db\": \"US_VISA\"}", "commandName": "getMore", "databaseName": "US_VISA", "requestId": 19169, "operationId": 19169, "driverConnectionId": 1, "serverConnectionId": 63909, "serverHost": "ac-hkb29zc-shard-00-02.tvj8rol.mongodb.net", "serverPort": 27017}
[ 2025-06-17 17:01:41,543 ] pymongo.command - DEBUG - {"clientId": {"$oid": "68515215a62d803077429200"}, "message": "Command succeeded", "durationMS": 7664.157, "reply": "{\"cursor\": {\"nextBatch\": [{\"_id\": {\"$oid\": \"66953b18fca018da4e0528a8\"}, \"case_id\": \"EZYV122\", \"continent\": \"South America\", \"education_of_employee\": \"Bachelor's\", \"has_job_experience\": \"N\", \"requires_job_training\": \"N\", \"no_of_employees\": 1415, \"yr_of_estab\": 1913, \"region_of_employment\": \"Northeast\", \"prevailing_wage\": 53114.02, \"unit_of_wage\": \"Year\", \"full_time_position\": \"Y\", \"case_status\": \"Denied\"}, {\"_id\": {\"$oid\": \"66953b18fca018da4e05287b\"}, \"case_id\": \"EZYV77\", \"continent\": \"Europe\", \"education_of_employee\": \"Bachelor's\", \"has_job_experience\": \"Y\", \"requires_job_training\": \"N\", \"no_of_employees\": 2423, \"yr_of_estab\": 1838, \"region_of_employment\": \"West\", \"prevailing_wage\": 2927.34, \"unit_of_wage\": \"Year\", \"full_time_position\": \"Y\", \"case_status\": \"Certified\"}, {\"_id\": {\"$oid\": \"66953b18fca018da4e052934\"}, \"case_id\": \"EZYV262\", \"continent\": \"Asia\", \"education_of_employee\": \"Master's\", \"has_job_experience\": \"N\", \"requires_job_training\": \"Y\", \"no_of_employees\": 2854, \"yr_of_esta...", "commandName": "getMore", "databaseName": "US_VISA", "requestId": 19169, "operationId": 19169, "driverConnectionId": 1, "serverConnectionId": 63909, "serverHost": "ac-hkb29zc-shard-00-02.tvj8rol.mongodb.net", "serverPort": 27017}
[ 2025-06-17 17:01:41,544 ] pymongo.connection - DEBUG - {"clientId": {"$oid": "68515215a62d803077429200"}, "message": "Connection checked in", "serverHost": "ac-hkb29zc-shard-00-02.tvj8rol.mongodb.net", "serverPort": 27017, "driverConnectionId": 1}
[ 2025-06-17 17:01:41,553 ] pymongo.serverSelection - DEBUG - {"message": "Server selection started", "selector": "<function any_server_selector at 0x0000013AA6911360>", "operation": "getMore", "topologyDescription": "<TopologyDescription id: 68515215a62d803077429200, topology_type: ReplicaSetWithPrimary, servers: [<ServerDescription ('ac-hkb29zc-shard-00-00.tvj8rol.mongodb.net', 27017) server_type: RSSecondary, rtt: 0.03099999999994907>, <ServerDescription ('ac-hkb29zc-shard-00-01.tvj8rol.mongodb.net', 27017) server_type: RSSecondary, rtt: 0.03099999999994907>, <ServerDescription ('ac-hkb29zc-shard-00-02.tvj8rol.mongodb.net', 27017) server_type: RSPrimary, rtt: 0.015000000000100044>]>", "clientId": {"$oid": "68515215a62d803077429200"}}
[ 2025-06-17 17:01:41,553 ] pymongo.serverSelection - DEBUG - {"message": "Server selection succeeded", "selector": "<function any_server_selector at 0x0000013AA6911360>", "operation": "getMore", "topologyDescription": "<TopologyDescription id: 68515215a62d803077429200, topology_type: ReplicaSetWithPrimary, servers: [<ServerDescription ('ac-hkb29zc-shard-00-00.tvj8rol.mongodb.net', 27017) server_type: RSSecondary, rtt: 0.03099999999994907>, <ServerDescription ('ac-hkb29zc-shard-00-01.tvj8rol.mongodb.net', 27017) server_type: RSSecondary, rtt: 0.03099999999994907>, <ServerDescription ('ac-hkb29zc-shard-00-02.tvj8rol.mongodb.net', 27017) server_type: RSPrimary, rtt: 0.015000000000100044>]>", "clientId": {"$oid": "68515215a62d803077429200"}, "serverHost": "ac-hkb29zc-shard-00-02.tvj8rol.mongodb.net", "serverPort": 27017}
[ 2025-06-17 17:01:41,554 ] pymongo.connection - DEBUG - {"clientId": {"$oid": "68515215a62d803077429200"}, "message": "Connection checkout started", "serverHost": "ac-hkb29zc-shard-00-02.tvj8rol.mongodb.net", "serverPort": 27017}
[ 2025-06-17 17:01:41,554 ] pymongo.connection - DEBUG - {"clientId": {"$oid": "68515215a62d803077429200"}, "message": "Connection checked out", "serverHost": "ac-hkb29zc-shard-00-02.tvj8rol.mongodb.net", "serverPort": 27017, "driverConnectionId": 1, "durationMS": 0.0}
[ 2025-06-17 17:01:41,554 ] pymongo.command - DEBUG - {"clientId": {"$oid": "68515215a62d803077429200"}, "message": "Command started", "command": "{\"getMore\": 1572588246628091072, \"collection\": \"visa_data\", \"lsid\": {\"id\": {\"$binary\": {\"base64\": \"PvfO65ugSZy1LFm3wRlE+g==\", \"subType\": \"04\"}}}, \"$clusterTime\": {\"clusterTime\": {\"$timestamp\": {\"t\": 1750159892, \"i\": 6}}, \"signature\": {\"hash\": {\"$binary\": {\"base64\": \"U+RqE3wuJaXKo0dFzN8mdFWwt/M=\", \"subType\": \"00\"}}, \"keyId\": 7474859170974400516}}, \"$db\": \"US_VISA\"}", "commandName": "getMore", "databaseName": "US_VISA", "requestId": 15724, "operationId": 15724, "driverConnectionId": 1, "serverConnectionId": 63909, "serverHost": "ac-hkb29zc-shard-00-02.tvj8rol.mongodb.net", "serverPort": 27017}
[ 2025-06-17 17:01:41,786 ] pymongo.command - DEBUG - {"clientId": {"$oid": "68515215a62d803077429200"}, "message": "Command succeeded", "durationMS": 232.206, "reply": "{\"cursor\": {\"nextBatch\": [{\"_id\": {\"$oid\": \"68504df8360afd96feb9400d\"}, \"case_id\": \"EZYV24453\", \"continent\": \"South America\", \"education_of_employee\": \"Bachelor's\", \"has_job_experience\": \"Y\", \"requires_job_training\": \"N\", \"no_of_employees\": 2148, \"yr_of_estab\": 2009, \"region_of_employment\": \"South\", \"prevailing_wage\": 116671.74, \"unit_of_wage\": \"Year\", \"full_time_position\": \"Y\", \"case_status\": \"Certified\"}, {\"_id\": {\"$oid\": \"68504df8360afd96feb9400e\"}, \"case_id\": \"EZYV24454\", \"continent\": \"Asia\", \"education_of_employee\": \"Bachelor's\", \"has_job_experience\": \"N\", \"requires_job_training\": \"N\", \"no_of_employees\": 1166, \"yr_of_estab\": 2004, \"region_of_employment\": \"West\", \"prevailing_wage\": 105408.45, \"unit_of_wage\": \"Year\", \"full_time_position\": \"Y\", \"case_status\": \"Certified\"}, {\"_id\": {\"$oid\": \"68504df8360afd96feb9400f\"}, \"case_id\": \"EZYV24455\", \"continent\": \"Asia\", \"education_of_employee\": \"Master's\", \"has_job_experience\": \"Y\", \"requires_job_training\": \"N\", \"no_of_employees\": 2804, \"yr_...", "commandName": "getMore", "databaseName": "US_VISA", "requestId": 15724, "operationId": 15724, "driverConnectionId": 1, "serverConnectionId": 63909, "serverHost": "ac-hkb29zc-shard-00-02.tvj8rol.mongodb.net", "serverPort": 27017}
[ 2025-06-17 17:01:41,788 ] pymongo.connection - DEBUG - {"clientId": {"$oid": "68515215a62d803077429200"}, "message": "Connection checked in", "serverHost": "ac-hkb29zc-shard-00-02.tvj8rol.mongodb.net", "serverPort": 27017, "driverConnectionId": 1}
[ 2025-06-17 17:01:41,963 ] root - INFO - Shape of dataframe: (50960, 12)
[ 2025-06-17 17:01:41,963 ] root - INFO - Saving exported data into feature store file path: artifact\06_17_2025_17_01_32\data_ingestion\feature_store\usvisa.csv
[ 2025-06-17 17:01:42,107 ] root - INFO - Got the data from mongodb
[ 2025-06-17 17:01:42,107 ] root - INFO - Entered split_data_as_train_test method of Data_Ingestion class
[ 2025-06-17 17:01:42,118 ] root - INFO - Performed train test split on the dataframe
[ 2025-06-17 17:01:42,118 ] root - INFO - Exited split_data_as_train_test method of Data_Ingestion class
[ 2025-06-17 17:01:42,118 ] root - INFO - Exporting train and test file path.
[ 2025-06-17 17:01:42,287 ] root - INFO - Exported train and test file path.
[ 2025-06-17 17:01:42,291 ] root - INFO - Performed train test split on the dataset
[ 2025-06-17 17:01:42,291 ] root - INFO - Exited initiate_data_ingestion method of Data_Ingestion class
[ 2025-06-17 17:01:42,291 ] root - INFO - Data ingestion artifact: DataIngestionArtifact(trained_file_path='artifact\\06_17_2025_17_01_32\\data_ingestion\\ingested\\train.csv', test_file_path='artifact\\06_17_2025_17_01_32\\data_ingestion\\ingested\\test.csv')
[ 2025-06-17 17:01:42,304 ] root - INFO - Got the train_set and test_set from mongodb
[ 2025-06-17 17:01:42,304 ] root - INFO - Exited the start_data_ingestion method of TrainPipeline class
[ 2025-06-17 17:01:42,304 ] root - INFO - Entered the start_data_validation method of TrainPipeline class
[ 2025-06-17 17:01:42,308 ] root - INFO - Starting data validation
[ 2025-06-17 17:01:42,381 ] root - INFO - Is required column present: [True]
[ 2025-06-17 17:01:42,381 ] root - INFO - All required columns present in training dataframe: True
[ 2025-06-17 17:01:42,381 ] root - INFO - Is required column present: [True]
[ 2025-06-17 17:01:42,381 ] root - INFO - All required columns present in testing dataframe: True
[ 2025-06-17 17:02:01,976 ] root - INFO - 1/12 drift detected.
[ 2025-06-17 17:02:01,978 ] root - INFO - Data validation artifact: DataValidationArtifact(validation_status=True, message='Drift not detected', drift_report_file_path='artifact\\06_17_2025_17_01_32\\data_validation\\drift_report\\report.yaml')
[ 2025-06-17 17:02:01,979 ] root - INFO - Performed the data validation operation
[ 2025-06-17 17:02:01,979 ] root - INFO - Exited the start_data_validation method of TrainPipeline class
[ 2025-06-17 17:02:01,983 ] root - INFO - Starting data transformation
[ 2025-06-17 17:02:01,983 ] root - INFO - Entered get_data_transformer_object method of DataTransformation class
[ 2025-06-17 17:02:01,983 ] root - INFO - Got numerical cols from schema config
[ 2025-06-17 17:02:01,983 ] root - INFO - Initialized StandardScaler, OneHotEncoder, OrdinalEncoder
[ 2025-06-17 17:02:01,983 ] root - INFO - Initialize PowerTransformer
[ 2025-06-17 17:02:01,983 ] root - INFO - Created preprocessor object from ColumnTransformer
[ 2025-06-17 17:02:01,984 ] root - INFO - Exited get_data_transformer_object method of DataTransformation class
[ 2025-06-17 17:02:01,984 ] root - INFO - Got the preprocessor object
[ 2025-06-17 17:02:02,040 ] root - INFO - Got train features and test features of Training dataset
[ 2025-06-17 17:02:02,041 ] root - INFO - Added company_age column to the Training dataset
[ 2025-06-17 17:02:02,041 ] root - INFO - drop the columns in drop_cols of Training dataset
[ 2025-06-17 17:02:02,041 ] root - INFO - Entered drop_columns methon of utils
[ 2025-06-17 17:02:02,043 ] root - INFO - Exited the drop_columns method of utils
[ 2025-06-17 17:02:02,054 ] root - INFO - Added company_age column to the Test dataset
[ 2025-06-17 17:02:02,054 ] root - INFO - Entered drop_columns methon of utils
[ 2025-06-17 17:02:02,055 ] root - INFO - Exited the drop_columns method of utils
[ 2025-06-17 17:02:02,055 ] root - INFO - drop the columns in drop_cols of Test dataset
[ 2025-06-17 17:02:02,058 ] root - INFO - Got train features and test features of Testing dataset
[ 2025-06-17 17:02:02,058 ] root - INFO - Applying preprocessing object on training dataframe and testing dataframe
[ 2025-06-17 17:02:02,152 ] root - INFO - Used the preprocessor object to fit transform the train features
[ 2025-06-17 17:02:02,166 ] root - INFO - Used the preprocessor object to transform the test features
[ 2025-06-17 17:02:02,166 ] root - INFO - Applying SMOTEENN on Training dataset
[ 2025-06-17 17:02:04,352 ] root - INFO - Applied SMOTEENN on training dataset
[ 2025-06-17 17:02:04,352 ] root - INFO - Applying SMOTEENN on testing dataset
[ 2025-06-17 17:02:04,550 ] root - INFO - Applied SMOTEENN on testing dataset
[ 2025-06-17 17:02:04,550 ] root - INFO - Created train array and test array
[ 2025-06-17 17:02:04,554 ] root - INFO - Entered the save_object method of utils
[ 2025-06-17 17:02:04,561 ] root - INFO - Exited the save_object method of utils
[ 2025-06-17 17:02:04,567 ] root - INFO - Saved the preprocessor object
[ 2025-06-17 17:02:04,567 ] root - INFO - Exited initiate_data_transformation method of Data_Transformation class
[ 2025-06-17 17:02:04,572 ] root - INFO - Entered initiate_model_trainer method of ModelTrainer class
[ 2025-06-17 17:02:04,594 ] root - INFO - Using neuro_mf to get best model object and report
[ 2025-06-17 17:02:04,600 ] neuro_mf - INFO - Started Initializing model from config file
[ 2025-06-17 17:02:04,600 ] neuro_mf - INFO - {'algorithm': 'kd_tree', 'weights': 'uniform', 'n_neighbors': 3}
[ 2025-06-17 17:02:04,600 ] neuro_mf - INFO - {'max_depth': 10, 'max_features': 'sqrt', 'n_estimators': 3}
[ 2025-06-17 17:02:04,602 ] neuro_mf - INFO - Initialized model: [InitializedModelDetail(model_serial_number='module_0', model=KNeighborsClassifier(algorithm='kd_tree', n_neighbors=3), param_grid_search={'algorithm': ['auto', 'ball_tree', 'kd_tree', 'brute'], 'weights': ['uniform', 'distance'], 'n_neighbors': [3, 5, 9]}, model_name='sklearn.neighbors.KNeighborsClassifier'), InitializedModelDetail(model_serial_number='module_1', model=RandomForestClassifier(max_depth=10, n_estimators=3), param_grid_search={'max_depth': [10, 15, 20], 'max_features': ['sqrt', 'log2'], 'n_estimators': [3, 5, 9]}, model_name='sklearn.ensemble.RandomForestClassifier')]
[ 2025-06-17 17:02:04,602 ] neuro_mf - INFO - ('**************************************************', 'training KNeighborsClassifier', '**************************************************')
[ 2025-06-17 17:02:04,602 ] neuro_mf - INFO - {'cv': 3, 'verbose': 3}
[ 2025-06-17 17:04:11,826 ] neuro_mf - INFO - ('**************************************************', 'training RandomForestClassifier', '**************************************************')
[ 2025-06-17 17:04:11,827 ] neuro_mf - INFO - {'cv': 3, 'verbose': 3}
[ 2025-06-17 17:04:20,304 ] neuro_mf - INFO - Acceptable model found:GridSearchedBestModel(model_serial_number='module_0', model=KNeighborsClassifier(algorithm='kd_tree', n_neighbors=3), best_model=KNeighborsClassifier(n_neighbors=3, weights='distance'), best_parameters={'algorithm': 'auto', 'n_neighbors': 3, 'weights': 'distance'}, best_score=0.9743609367824888)
[ 2025-06-17 17:04:20,304 ] neuro_mf - INFO - Best model: GridSearchedBestModel(model_serial_number='module_0', model=KNeighborsClassifier(algorithm='kd_tree', n_neighbors=3), best_model=KNeighborsClassifier(n_neighbors=3, weights='distance'), best_parameters={'algorithm': 'auto', 'n_neighbors': 3, 'weights': 'distance'}, best_score=0.9743609367824888)
[ 2025-06-17 17:04:20,526 ] root - INFO - Entered the load_object method of utils
[ 2025-06-17 17:04:20,539 ] root - INFO - Exited the load_object method of utils
[ 2025-06-17 17:04:20,539 ] root - INFO - Created usvisa model object with preprocessor and model
[ 2025-06-17 17:04:20,540 ] root - INFO - Created best model file path.
[ 2025-06-17 17:04:20,540 ] root - INFO - Entered the save_object method of utils
[ 2025-06-17 17:04:20,551 ] root - INFO - Exited the save_object method of utils
[ 2025-06-17 17:04:20,551 ] root - INFO - Model trainer artifact: ModelTrainerArtifact(trained_model_file_path='artifact\\06_17_2025_17_01_32\\model_trainer\\trained_model\\model.pkl', metric_artifact=ClassificationMetricArtifact(f1_score=0.8574516632640807, precision_score=0.8752145133611179, recall_score=0.8403954802259888))
[ 2025-06-17 17:04:20,579 ] botocore.hooks - DEBUG - Changing event name from creating-client-class.iot-data to creating-client-class.iot-data-plane
[ 2025-06-17 17:04:20,581 ] botocore.hooks - DEBUG - Changing event name from before-call.apigateway to before-call.api-gateway
[ 2025-06-17 17:04:20,582 ] botocore.hooks - DEBUG - Changing event name from request-created.machinelearning.Predict to request-created.machine-learning.Predict
[ 2025-06-17 17:04:20,584 ] botocore.hooks - DEBUG - Changing event name from before-parameter-build.autoscaling.CreateLaunchConfiguration to before-parameter-build.auto-scaling.CreateLaunchConfiguration
[ 2025-06-17 17:04:20,585 ] botocore.hooks - DEBUG - Changing event name from before-parameter-build.route53 to before-parameter-build.route-53
[ 2025-06-17 17:04:20,585 ] botocore.hooks - DEBUG - Changing event name from request-created.cloudsearchdomain.Search to request-created.cloudsearch-domain.Search
[ 2025-06-17 17:04:20,586 ] botocore.hooks - DEBUG - Changing event name from docs.*.autoscaling.CreateLaunchConfiguration.complete-section to docs.*.auto-scaling.CreateLaunchConfiguration.complete-section
[ 2025-06-17 17:04:20,589 ] botocore.hooks - DEBUG - Changing event name from before-parameter-build.logs.CreateExportTask to before-parameter-build.cloudwatch-logs.CreateExportTask
[ 2025-06-17 17:04:20,590 ] botocore.hooks - DEBUG - Changing event name from docs.*.logs.CreateExportTask.complete-section to docs.*.cloudwatch-logs.CreateExportTask.complete-section
[ 2025-06-17 17:04:20,590 ] botocore.hooks - DEBUG - Changing event name from before-parameter-build.cloudsearchdomain.Search to before-parameter-build.cloudsearch-domain.Search
[ 2025-06-17 17:04:20,590 ] botocore.hooks - DEBUG - Changing event name from docs.*.cloudsearchdomain.Search.complete-section to docs.*.cloudsearch-domain.Search.complete-section
[ 2025-06-17 17:04:20,640 ] botocore.loaders - DEBUG - Loading JSON file: D:\Data-Science-Projects\ML-DL-projects\visa-eligibility-classifier\venv\lib\site-packages\boto3\data\s3\2006-03-01\resources-1.json
[ 2025-06-17 17:04:20,642 ] botocore.loaders - DEBUG - Loading JSON file: D:\Data-Science-Projects\ML-DL-projects\visa-eligibility-classifier\venv\lib\site-packages\botocore\data\endpoints.json
[ 2025-06-17 17:04:20,652 ] botocore.loaders - DEBUG - Loading JSON file: D:\Data-Science-Projects\ML-DL-projects\visa-eligibility-classifier\venv\lib\site-packages\botocore\data\sdk-default-configuration.json
[ 2025-06-17 17:04:20,652 ] botocore.hooks - DEBUG - Event choose-service-name: calling handler <function handle_service_name_alias at 0x0000013AA8B639A0>
[ 2025-06-17 17:04:20,687 ] botocore.loaders - DEBUG - Loading JSON file: D:\Data-Science-Projects\ML-DL-projects\visa-eligibility-classifier\venv\lib\site-packages\botocore\data\s3\2006-03-01\service-2.json.gz
[ 2025-06-17 17:04:20,723 ] botocore.loaders - DEBUG - Loading JSON file: D:\Data-Science-Projects\ML-DL-projects\visa-eligibility-classifier\venv\lib\site-packages\botocore\data\s3\2006-03-01\endpoint-rule-set-1.json.gz
[ 2025-06-17 17:04:20,727 ] botocore.loaders - DEBUG - Loading JSON file: D:\Data-Science-Projects\ML-DL-projects\visa-eligibility-classifier\venv\lib\site-packages\botocore\data\partitions.json
[ 2025-06-17 17:04:20,728 ] botocore.hooks - DEBUG - Event creating-client-class.s3: calling handler <function add_generate_presigned_post at 0x0000013AA8ABA3B0>
[ 2025-06-17 17:04:20,728 ] botocore.hooks - DEBUG - Event creating-client-class.s3: calling handler <function lazy_call.<locals>._handler at 0x0000013AB0ABBBE0>
[ 2025-06-17 17:04:20,729 ] botocore.hooks - DEBUG - Event creating-client-class.s3: calling handler <function add_generate_presigned_url at 0x0000013AA8ABA170>
[ 2025-06-17 17:04:20,729 ] botocore.configprovider - DEBUG - Looking for endpoint for s3 via: environment_service
[ 2025-06-17 17:04:20,729 ] botocore.configprovider - DEBUG - Looking for endpoint for s3 via: environment_global
[ 2025-06-17 17:04:20,730 ] botocore.configprovider - DEBUG - Looking for endpoint for s3 via: config_service
[ 2025-06-17 17:04:20,730 ] botocore.configprovider - DEBUG - Looking for endpoint for s3 via: config_global
[ 2025-06-17 17:04:20,730 ] botocore.configprovider - DEBUG - No configured endpoint found.
[ 2025-06-17 17:04:20,731 ] botocore.endpoint - DEBUG - Setting s3 timeout as (60, 60)
[ 2025-06-17 17:04:20,733 ] botocore.loaders - DEBUG - Loading JSON file: D:\Data-Science-Projects\ML-DL-projects\visa-eligibility-classifier\venv\lib\site-packages\botocore\data\_retry.json
[ 2025-06-17 17:04:20,733 ] botocore.client - DEBUG - Registering retry handlers for service: s3
[ 2025-06-17 17:04:20,733 ] botocore.utils - DEBUG - Registering S3 region redirector handler
[ 2025-06-17 17:04:20,734 ] botocore.utils - DEBUG - Registering S3Express Identity Resolver
[ 2025-06-17 17:04:20,734 ] boto3.resources.factory - DEBUG - Loading s3:s3
[ 2025-06-17 17:04:20,735 ] botocore.hooks - DEBUG - Event choose-service-name: calling handler <function handle_service_name_alias at 0x0000013AA8B639A0>
[ 2025-06-17 17:04:20,736 ] botocore.hooks - DEBUG - Event creating-client-class.s3: calling handler <function add_generate_presigned_post at 0x0000013AA8ABA3B0>
[ 2025-06-17 17:04:20,736 ] botocore.hooks - DEBUG - Event creating-client-class.s3: calling handler <function lazy_call.<locals>._handler at 0x0000013AB0ABBBE0>
[ 2025-06-17 17:04:20,736 ] botocore.hooks - DEBUG - Event creating-client-class.s3: calling handler <function add_generate_presigned_url at 0x0000013AA8ABA170>
[ 2025-06-17 17:04:20,736 ] botocore.configprovider - DEBUG - Looking for endpoint for s3 via: environment_service
[ 2025-06-17 17:04:20,737 ] botocore.configprovider - DEBUG - Looking for endpoint for s3 via: environment_global
[ 2025-06-17 17:04:20,737 ] botocore.configprovider - DEBUG - Looking for endpoint for s3 via: config_service
[ 2025-06-17 17:04:20,737 ] botocore.configprovider - DEBUG - Looking for endpoint for s3 via: config_global
[ 2025-06-17 17:04:20,737 ] botocore.configprovider - DEBUG - No configured endpoint found.
[ 2025-06-17 17:04:20,738 ] botocore.endpoint - DEBUG - Setting s3 timeout as (60, 60)
[ 2025-06-17 17:04:20,739 ] botocore.client - DEBUG - Registering retry handlers for service: s3
[ 2025-06-17 17:04:20,739 ] botocore.utils - DEBUG - Registering S3 region redirector handler
[ 2025-06-17 17:04:20,739 ] botocore.utils - DEBUG - Registering S3Express Identity Resolver
[ 2025-06-17 17:04:20,740 ] root - INFO - Entered the get_bucket method of S3Operations class
[ 2025-06-17 17:04:20,740 ] boto3.resources.factory - DEBUG - Loading s3:Bucket
[ 2025-06-17 17:04:20,740 ] boto3.resources.model - DEBUG - Renaming Bucket attribute name
[ 2025-06-17 17:04:20,741 ] botocore.hooks - DEBUG - Event creating-resource-class.s3.Bucket: calling handler <function lazy_call.<locals>._handler at 0x0000013AB0ABB9A0>
[ 2025-06-17 17:04:20,741 ] root - INFO - Exited the get_bucket method of S3Operations class
[ 2025-06-17 17:04:20,766 ] botocore.loaders - DEBUG - Loading JSON file: D:\Data-Science-Projects\ML-DL-projects\visa-eligibility-classifier\venv\lib\site-packages\botocore\data\s3\2006-03-01\paginators-1.json
[ 2025-06-17 17:04:20,766 ] botocore.loaders - DEBUG - Loading JSON file: D:\Data-Science-Projects\ML-DL-projects\visa-eligibility-classifier\venv\lib\site-packages\botocore\data\s3\2006-03-01\paginators-1.sdk-extras.json
[ 2025-06-17 17:04:20,767 ] boto3.resources.collection - DEBUG - Calling paginated s3:list_objects with {'Bucket': 'visa-classifier-model2024', 'Prefix': 'model.pkl'}
[ 2025-06-17 17:04:20,767 ] botocore.hooks - DEBUG - Event before-parameter-build.s3.ListObjects: calling handler <function set_list_objects_encoding_type_url at 0x0000013AA8B7E3B0>
[ 2025-06-17 17:04:20,767 ] botocore.hooks - DEBUG - Event before-parameter-build.s3.ListObjects: calling handler <function validate_bucket_name at 0x0000013AA8B7D120>
[ 2025-06-17 17:04:20,767 ] botocore.hooks - DEBUG - Event before-parameter-build.s3.ListObjects: calling handler <function remove_bucket_from_url_paths_from_model at 0x0000013AA8B7EF80>
[ 2025-06-17 17:04:20,767 ] botocore.hooks - DEBUG - Event before-parameter-build.s3.ListObjects: calling handler <bound method S3RegionRedirectorv2.annotate_request_context of <botocore.utils.S3RegionRedirectorv2 object at 0x0000013AAAA6EAA0>>
[ 2025-06-17 17:04:20,767 ] botocore.hooks - DEBUG - Event before-parameter-build.s3.ListObjects: calling handler <bound method ClientCreator._inject_s3_input_parameters of <botocore.client.ClientCreator object at 0x0000013AA90676D0>>
[ 2025-06-17 17:04:20,767 ] botocore.hooks - DEBUG - Event before-parameter-build.s3.ListObjects: calling handler <function generate_idempotent_uuid at 0x0000013AA8B7CF70>
[ 2025-06-17 17:04:20,767 ] botocore.hooks - DEBUG - Event before-endpoint-resolution.s3: calling handler <function customize_endpoint_resolver_builtins at 0x0000013AA8B7F130>
[ 2025-06-17 17:04:20,767 ] botocore.hooks - DEBUG - Event before-endpoint-resolution.s3: calling handler <bound method S3RegionRedirectorv2.redirect_from_cache of <botocore.utils.S3RegionRedirectorv2 object at 0x0000013AAAA6EAA0>>
[ 2025-06-17 17:04:20,768 ] botocore.regions - DEBUG - Calling endpoint provider with parameters: {'Bucket': 'visa-classifier-model2024', 'Region': 'us-east-1', 'UseFIPS': False, 'UseDualStack': False, 'ForcePathStyle': False, 'Accelerate': False, 'UseGlobalEndpoint': True, 'Prefix': 'model.pkl', 'DisableMultiRegionAccessPoints': False, 'UseArnRegion': True}
[ 2025-06-17 17:04:20,768 ] botocore.regions - DEBUG - Endpoint provider result: https://visa-classifier-model2024.s3.amazonaws.com
[ 2025-06-17 17:04:20,768 ] botocore.regions - DEBUG - Selecting from endpoint provider's list of auth schemes: "sigv4". User selected auth scheme is: "None"
[ 2025-06-17 17:04:20,768 ] botocore.regions - DEBUG - Selected auth type "v4" as "v4" with signing context params: {'region': 'us-east-1', 'signing_name': 's3', 'disableDoubleEncoding': True}
[ 2025-06-17 17:04:20,769 ] botocore.hooks - DEBUG - Event before-call.s3.ListObjects: calling handler <function add_expect_header at 0x0000013AA8B7D480>
[ 2025-06-17 17:04:20,769 ] botocore.hooks - DEBUG - Event before-call.s3.ListObjects: calling handler <bound method S3ExpressIdentityResolver.apply_signing_cache_key of <botocore.utils.S3ExpressIdentityResolver object at 0x0000013AAAA6E5C0>>
[ 2025-06-17 17:04:20,769 ] botocore.hooks - DEBUG - Event before-call.s3.ListObjects: calling handler <function add_recursion_detection_header at 0x0000013AA8B7CB80>
[ 2025-06-17 17:04:20,769 ] botocore.hooks - DEBUG - Event before-call.s3.ListObjects: calling handler <function inject_api_version_header_if_needed at 0x0000013AA8B7E7A0>
[ 2025-06-17 17:04:20,769 ] botocore.endpoint - DEBUG - Making request for OperationModel(name=ListObjects) with params: {'url_path': '', 'query_string': {'prefix': 'model.pkl', 'encoding-type': 'url'}, 'method': 'GET', 'headers': {'User-Agent': 'Boto3/1.35.14 md/Botocore#1.35.14 ua/2.0 os/windows#10 md/arch#amd64 lang/python#3.10.0 md/pyimpl#CPython cfg/retry-mode#legacy Botocore/1.35.14 Resource'}, 'body': b'', 'auth_path': '/visa-classifier-model2024/', 'url': 'https://visa-classifier-model2024.s3.amazonaws.com/?prefix=model.pkl&encoding-type=url', 'context': {'client_region': 'us-east-1', 'client_config': <botocore.config.Config object at 0x0000013AAA832F50>, 'has_streaming_input': False, 'auth_type': 'v4', 'unsigned_payload': None, 'encoding_type_auto_set': True, 's3_redirect': {'redirected': False, 'bucket': 'visa-classifier-model2024', 'params': {'Bucket': 'visa-classifier-model2024', 'Prefix': 'model.pkl', 'EncodingType': 'url'}}, 'input_params': {'Bucket': 'visa-classifier-model2024', 'Prefix': 'model.pkl'}, 'signing': {'region': 'us-east-1', 'signing_name': 's3', 'disableDoubleEncoding': True}, 'endpoint_properties': {'authSchemes': [{'disableDoubleEncoding': True, 'name': 'sigv4', 'signingName': 's3', 'signingRegion': 'us-east-1'}]}}}
[ 2025-06-17 17:04:20,769 ] botocore.hooks - DEBUG - Event request-created.s3.ListObjects: calling handler <bound method RequestSigner.handler of <botocore.signers.RequestSigner object at 0x0000013AAA832F20>>
[ 2025-06-17 17:04:20,769 ] botocore.hooks - DEBUG - Event choose-signer.s3.ListObjects: calling handler <bound method ClientCreator._default_s3_presign_to_sigv2 of <botocore.client.ClientCreator object at 0x0000013AA90676D0>>
[ 2025-06-17 17:04:20,769 ] botocore.hooks - DEBUG - Event choose-signer.s3.ListObjects: calling handler <function set_operation_specific_signer at 0x0000013AA8B7CDC0>
[ 2025-06-17 17:04:20,769 ] botocore.hooks - DEBUG - Event before-sign.s3.ListObjects: calling handler <function remove_arn_from_signing_path at 0x0000013AA8B7F0A0>
[ 2025-06-17 17:04:20,769 ] botocore.hooks - DEBUG - Event before-sign.s3.ListObjects: calling handler <bound method S3ExpressIdentityResolver.resolve_s3express_identity of <botocore.utils.S3ExpressIdentityResolver object at 0x0000013AAAA6E5C0>>
[ 2025-06-17 17:04:20,770 ] botocore.auth - DEBUG - Calculating signature using v4 auth.
[ 2025-06-17 17:04:20,770 ] botocore.auth - DEBUG - CanonicalRequest:
GET
/
encoding-type=url&prefix=model.pkl
host:visa-classifier-model2024.s3.amazonaws.com
x-amz-content-sha256:e3b0c44298fc1c149afbf4c8996fb92427ae41e4649b934ca495991b7852b855
x-amz-date:20250617T113420Z

host;x-amz-content-sha256;x-amz-date
e3b0c44298fc1c149afbf4c8996fb92427ae41e4649b934ca495991b7852b855
[ 2025-06-17 17:04:20,770 ] botocore.auth - DEBUG - StringToSign:
AWS4-HMAC-SHA256
20250617T113420Z
20250617/us-east-1/s3/aws4_request
f6c03131f37db6b1d30e61cb3fcd93c6716f803ea09ab9e1b861531ff720ab5c
[ 2025-06-17 17:04:20,770 ] botocore.auth - DEBUG - Signature:
e5bb9325ca3836c0383b178ad2b2f317865ebaf15294c270ba05584876cc7159
[ 2025-06-17 17:04:20,770 ] botocore.hooks - DEBUG - Event request-created.s3.ListObjects: calling handler <function add_retry_headers at 0x0000013AA8B7EEF0>
[ 2025-06-17 17:04:20,770 ] botocore.endpoint - DEBUG - Sending http request: <AWSPreparedRequest stream_output=False, method=GET, url=https://visa-classifier-model2024.s3.amazonaws.com/?prefix=model.pkl&encoding-type=url, headers={'User-Agent': b'Boto3/1.35.14 md/Botocore#1.35.14 ua/2.0 os/windows#10 md/arch#amd64 lang/python#3.10.0 md/pyimpl#CPython cfg/retry-mode#legacy Botocore/1.35.14 Resource', 'X-Amz-Date': b'20250617T113420Z', 'X-Amz-Content-SHA256': b'e3b0c44298fc1c149afbf4c8996fb92427ae41e4649b934ca495991b7852b855', 'Authorization': b'AWS4-HMAC-SHA256 Credential=AKIA6ODU24MURBGYKB6W/20250617/us-east-1/s3/aws4_request, SignedHeaders=host;x-amz-content-sha256;x-amz-date, Signature=e5bb9325ca3836c0383b178ad2b2f317865ebaf15294c270ba05584876cc7159', 'amz-sdk-invocation-id': b'ddedc089-c6de-4037-894d-cdffebf191d9', 'amz-sdk-request': b'attempt=1'}>
[ 2025-06-17 17:04:20,771 ] botocore.httpsession - DEBUG - Certificate path: D:\Data-Science-Projects\ML-DL-projects\visa-eligibility-classifier\venv\lib\site-packages\certifi\cacert.pem
[ 2025-06-17 17:04:20,771 ] urllib3.connectionpool - DEBUG - Starting new HTTPS connection (1): visa-classifier-model2024.s3.amazonaws.com:443
[ 2025-06-17 17:04:21,558 ] urllib3.connectionpool - DEBUG - https://visa-classifier-model2024.s3.amazonaws.com:443 "GET /?prefix=model.pkl&encoding-type=url HTTP/1.1" 200 None
[ 2025-06-17 17:04:21,560 ] botocore.parsers - DEBUG - Response headers: {'x-amz-id-2': '8PeCUYfPdNUabl6qC1PHMdhTvkRsy1t2qduowiKk+HTRv0RYpdFB6JZFPfbw2O/iezXnJWulEzZCpcVHtyFg4h9DNf5pOt7BWzZWuvgiThE=', 'x-amz-request-id': 'EEX9VSH304SAKWNH', 'Date': 'Tue, 17 Jun 2025 11:34:20 GMT', 'x-amz-bucket-region': 'us-east-1', 'Content-Type': 'application/xml', 'Transfer-Encoding': 'chunked', 'Server': 'AmazonS3'}
[ 2025-06-17 17:04:21,560 ] botocore.parsers - DEBUG - Response body:
b'<?xml version="1.0" encoding="UTF-8"?>\n<ListBucketResult xmlns="http://s3.amazonaws.com/doc/2006-03-01/"><Name>visa-classifier-model2024</Name><Prefix>model.pkl</Prefix><Marker></Marker><MaxKeys>1000</MaxKeys><EncodingType>url</EncodingType><IsTruncated>false</IsTruncated><Contents><Key>model.pkl</Key><LastModified>2025-06-17T10:07:54.000Z</LastModified><ETag>&quot;6a7636814dcf549a329c2e7ac377feb9&quot;</ETag><ChecksumAlgorithm>CRC32</ChecksumAlgorithm><ChecksumType>FULL_OBJECT</ChecksumType><Size>7721856</Size><Owner><ID>837840190e84147a78e731c3f55f7efb7e246873296a762ea250ee164e87f439</ID><DisplayName>dipti1010.singh</DisplayName></Owner><StorageClass>STANDARD</StorageClass></Contents></ListBucketResult>'
[ 2025-06-17 17:04:21,562 ] botocore.hooks - DEBUG - Event needs-retry.s3.ListObjects: calling handler <botocore.retryhandler.RetryHandler object at 0x0000013AAAA6E770>
[ 2025-06-17 17:04:21,562 ] botocore.retryhandler - DEBUG - No retry needed.
[ 2025-06-17 17:04:21,562 ] botocore.hooks - DEBUG - Event needs-retry.s3.ListObjects: calling handler <bound method S3RegionRedirectorv2.redirect_from_error of <botocore.utils.S3RegionRedirectorv2 object at 0x0000013AAAA6EAA0>>
[ 2025-06-17 17:04:21,563 ] botocore.hooks - DEBUG - Event after-call.s3.ListObjects: calling handler <function decode_list_object at 0x0000013AA8B7E440>
[ 2025-06-17 17:04:21,563 ] boto3.resources.factory - DEBUG - Loading s3:ObjectSummary
[ 2025-06-17 17:04:21,563 ] boto3.resources.model - DEBUG - Renaming ObjectSummary attribute key
[ 2025-06-17 17:04:21,563 ] botocore.hooks - DEBUG - Event creating-resource-class.s3.ObjectSummary: calling handler <function lazy_call.<locals>._handler at 0x0000013AB0ABBC70>
[ 2025-06-17 17:04:21,563 ] root - INFO - Entered the load_model method of S3Operations class
[ 2025-06-17 17:04:21,563 ] root - INFO - Entered the get_file_object method of S3Operations class
[ 2025-06-17 17:04:21,563 ] root - INFO - Entered the get_bucket method of S3Operations class
[ 2025-06-17 17:04:21,563 ] boto3.resources.factory - DEBUG - Loading s3:Bucket
[ 2025-06-17 17:04:21,564 ] boto3.resources.model - DEBUG - Renaming Bucket attribute name
[ 2025-06-17 17:04:21,564 ] botocore.hooks - DEBUG - Event creating-resource-class.s3.Bucket: calling handler <function lazy_call.<locals>._handler at 0x0000013AB0ABB9A0>
[ 2025-06-17 17:04:21,564 ] root - INFO - Exited the get_bucket method of S3Operations class
[ 2025-06-17 17:04:21,564 ] boto3.resources.collection - DEBUG - Calling paginated s3:list_objects with {'Bucket': 'visa-classifier-model2024', 'Prefix': 'model.pkl'}
[ 2025-06-17 17:04:21,564 ] botocore.hooks - DEBUG - Event before-parameter-build.s3.ListObjects: calling handler <function set_list_objects_encoding_type_url at 0x0000013AA8B7E3B0>
[ 2025-06-17 17:04:21,564 ] botocore.hooks - DEBUG - Event before-parameter-build.s3.ListObjects: calling handler <function validate_bucket_name at 0x0000013AA8B7D120>
[ 2025-06-17 17:04:21,564 ] botocore.hooks - DEBUG - Event before-parameter-build.s3.ListObjects: calling handler <function remove_bucket_from_url_paths_from_model at 0x0000013AA8B7EF80>
[ 2025-06-17 17:04:21,564 ] botocore.hooks - DEBUG - Event before-parameter-build.s3.ListObjects: calling handler <bound method S3RegionRedirectorv2.annotate_request_context of <botocore.utils.S3RegionRedirectorv2 object at 0x0000013AAAA6EAA0>>
[ 2025-06-17 17:04:21,564 ] botocore.hooks - DEBUG - Event before-parameter-build.s3.ListObjects: calling handler <bound method ClientCreator._inject_s3_input_parameters of <botocore.client.ClientCreator object at 0x0000013AA90676D0>>
[ 2025-06-17 17:04:21,564 ] botocore.hooks - DEBUG - Event before-parameter-build.s3.ListObjects: calling handler <function generate_idempotent_uuid at 0x0000013AA8B7CF70>
[ 2025-06-17 17:04:21,564 ] botocore.hooks - DEBUG - Event before-endpoint-resolution.s3: calling handler <function customize_endpoint_resolver_builtins at 0x0000013AA8B7F130>
[ 2025-06-17 17:04:21,565 ] botocore.hooks - DEBUG - Event before-endpoint-resolution.s3: calling handler <bound method S3RegionRedirectorv2.redirect_from_cache of <botocore.utils.S3RegionRedirectorv2 object at 0x0000013AAAA6EAA0>>
[ 2025-06-17 17:04:21,565 ] botocore.regions - DEBUG - Calling endpoint provider with parameters: {'Bucket': 'visa-classifier-model2024', 'Region': 'us-east-1', 'UseFIPS': False, 'UseDualStack': False, 'ForcePathStyle': False, 'Accelerate': False, 'UseGlobalEndpoint': True, 'Prefix': 'model.pkl', 'DisableMultiRegionAccessPoints': False, 'UseArnRegion': True}
[ 2025-06-17 17:04:21,565 ] botocore.regions - DEBUG - Endpoint provider result: https://visa-classifier-model2024.s3.amazonaws.com
[ 2025-06-17 17:04:21,565 ] botocore.regions - DEBUG - Selecting from endpoint provider's list of auth schemes: "sigv4". User selected auth scheme is: "None"
[ 2025-06-17 17:04:21,565 ] botocore.regions - DEBUG - Selected auth type "v4" as "v4" with signing context params: {'region': 'us-east-1', 'signing_name': 's3', 'disableDoubleEncoding': True}
[ 2025-06-17 17:04:21,565 ] botocore.hooks - DEBUG - Event before-call.s3.ListObjects: calling handler <function add_expect_header at 0x0000013AA8B7D480>
[ 2025-06-17 17:04:21,565 ] botocore.hooks - DEBUG - Event before-call.s3.ListObjects: calling handler <bound method S3ExpressIdentityResolver.apply_signing_cache_key of <botocore.utils.S3ExpressIdentityResolver object at 0x0000013AAAA6E5C0>>
[ 2025-06-17 17:04:21,565 ] botocore.hooks - DEBUG - Event before-call.s3.ListObjects: calling handler <function add_recursion_detection_header at 0x0000013AA8B7CB80>
[ 2025-06-17 17:04:21,565 ] botocore.hooks - DEBUG - Event before-call.s3.ListObjects: calling handler <function inject_api_version_header_if_needed at 0x0000013AA8B7E7A0>
[ 2025-06-17 17:04:21,565 ] botocore.endpoint - DEBUG - Making request for OperationModel(name=ListObjects) with params: {'url_path': '', 'query_string': {'prefix': 'model.pkl', 'encoding-type': 'url'}, 'method': 'GET', 'headers': {'User-Agent': 'Boto3/1.35.14 md/Botocore#1.35.14 ua/2.0 os/windows#10 md/arch#amd64 lang/python#3.10.0 md/pyimpl#CPython cfg/retry-mode#legacy Botocore/1.35.14 Resource'}, 'body': b'', 'auth_path': '/visa-classifier-model2024/', 'url': 'https://visa-classifier-model2024.s3.amazonaws.com/?prefix=model.pkl&encoding-type=url', 'context': {'client_region': 'us-east-1', 'client_config': <botocore.config.Config object at 0x0000013AAA832F50>, 'has_streaming_input': False, 'auth_type': 'v4', 'unsigned_payload': None, 'encoding_type_auto_set': True, 's3_redirect': {'redirected': False, 'bucket': 'visa-classifier-model2024', 'params': {'Bucket': 'visa-classifier-model2024', 'Prefix': 'model.pkl', 'EncodingType': 'url'}}, 'input_params': {'Bucket': 'visa-classifier-model2024', 'Prefix': 'model.pkl'}, 'signing': {'region': 'us-east-1', 'signing_name': 's3', 'disableDoubleEncoding': True}, 'endpoint_properties': {'authSchemes': [{'disableDoubleEncoding': True, 'name': 'sigv4', 'signingName': 's3', 'signingRegion': 'us-east-1'}]}}}
[ 2025-06-17 17:04:21,565 ] botocore.hooks - DEBUG - Event request-created.s3.ListObjects: calling handler <bound method RequestSigner.handler of <botocore.signers.RequestSigner object at 0x0000013AAA832F20>>
[ 2025-06-17 17:04:21,565 ] botocore.hooks - DEBUG - Event choose-signer.s3.ListObjects: calling handler <bound method ClientCreator._default_s3_presign_to_sigv2 of <botocore.client.ClientCreator object at 0x0000013AA90676D0>>
[ 2025-06-17 17:04:21,565 ] botocore.hooks - DEBUG - Event choose-signer.s3.ListObjects: calling handler <function set_operation_specific_signer at 0x0000013AA8B7CDC0>
[ 2025-06-17 17:04:21,565 ] botocore.hooks - DEBUG - Event before-sign.s3.ListObjects: calling handler <function remove_arn_from_signing_path at 0x0000013AA8B7F0A0>
[ 2025-06-17 17:04:21,565 ] botocore.hooks - DEBUG - Event before-sign.s3.ListObjects: calling handler <bound method S3ExpressIdentityResolver.resolve_s3express_identity of <botocore.utils.S3ExpressIdentityResolver object at 0x0000013AAAA6E5C0>>
[ 2025-06-17 17:04:21,565 ] botocore.auth - DEBUG - Calculating signature using v4 auth.
[ 2025-06-17 17:04:21,566 ] botocore.auth - DEBUG - CanonicalRequest:
GET
/
encoding-type=url&prefix=model.pkl
host:visa-classifier-model2024.s3.amazonaws.com
x-amz-content-sha256:e3b0c44298fc1c149afbf4c8996fb92427ae41e4649b934ca495991b7852b855
x-amz-date:20250617T113421Z

host;x-amz-content-sha256;x-amz-date
e3b0c44298fc1c149afbf4c8996fb92427ae41e4649b934ca495991b7852b855
[ 2025-06-17 17:04:21,566 ] botocore.auth - DEBUG - StringToSign:
AWS4-HMAC-SHA256
20250617T113421Z
20250617/us-east-1/s3/aws4_request
50f896571fd56b40bb815d830967e29022007cb01a6f83b48b31a3256e73f5c9
[ 2025-06-17 17:04:21,566 ] botocore.auth - DEBUG - Signature:
f30c16fa5b2f8386834e9b7786e0990752749051a4ac94c6b6a7510b0df4bb67
[ 2025-06-17 17:04:21,566 ] botocore.hooks - DEBUG - Event request-created.s3.ListObjects: calling handler <function add_retry_headers at 0x0000013AA8B7EEF0>
[ 2025-06-17 17:04:21,566 ] botocore.endpoint - DEBUG - Sending http request: <AWSPreparedRequest stream_output=False, method=GET, url=https://visa-classifier-model2024.s3.amazonaws.com/?prefix=model.pkl&encoding-type=url, headers={'User-Agent': b'Boto3/1.35.14 md/Botocore#1.35.14 ua/2.0 os/windows#10 md/arch#amd64 lang/python#3.10.0 md/pyimpl#CPython cfg/retry-mode#legacy Botocore/1.35.14 Resource', 'X-Amz-Date': b'20250617T113421Z', 'X-Amz-Content-SHA256': b'e3b0c44298fc1c149afbf4c8996fb92427ae41e4649b934ca495991b7852b855', 'Authorization': b'AWS4-HMAC-SHA256 Credential=AKIA6ODU24MURBGYKB6W/20250617/us-east-1/s3/aws4_request, SignedHeaders=host;x-amz-content-sha256;x-amz-date, Signature=f30c16fa5b2f8386834e9b7786e0990752749051a4ac94c6b6a7510b0df4bb67', 'amz-sdk-invocation-id': b'1aa37013-8afe-438e-b3d1-1149b8b642b3', 'amz-sdk-request': b'attempt=1'}>
[ 2025-06-17 17:04:21,566 ] botocore.httpsession - DEBUG - Certificate path: D:\Data-Science-Projects\ML-DL-projects\visa-eligibility-classifier\venv\lib\site-packages\certifi\cacert.pem
[ 2025-06-17 17:04:21,805 ] urllib3.connectionpool - DEBUG - https://visa-classifier-model2024.s3.amazonaws.com:443 "GET /?prefix=model.pkl&encoding-type=url HTTP/1.1" 200 None
[ 2025-06-17 17:04:21,806 ] botocore.parsers - DEBUG - Response headers: {'x-amz-id-2': 'YbJ7Zrbu+FXd4vIo2b8Z5ulbpqY1jcAeavGNSf9eBN5pVPVxpfvQLyM5wcABwa/RoLbyruNDdfoS3Itb+fKy+UMDOK+4rcyRqflwbNda5nY=', 'x-amz-request-id': '5ZYE7MD49HTT2NKH', 'Date': 'Tue, 17 Jun 2025 11:34:21 GMT', 'x-amz-bucket-region': 'us-east-1', 'Content-Type': 'application/xml', 'Transfer-Encoding': 'chunked', 'Server': 'AmazonS3'}
[ 2025-06-17 17:04:21,806 ] botocore.parsers - DEBUG - Response body:
b'<?xml version="1.0" encoding="UTF-8"?>\n<ListBucketResult xmlns="http://s3.amazonaws.com/doc/2006-03-01/"><Name>visa-classifier-model2024</Name><Prefix>model.pkl</Prefix><Marker></Marker><MaxKeys>1000</MaxKeys><EncodingType>url</EncodingType><IsTruncated>false</IsTruncated><Contents><Key>model.pkl</Key><LastModified>2025-06-17T10:07:54.000Z</LastModified><ETag>&quot;6a7636814dcf549a329c2e7ac377feb9&quot;</ETag><ChecksumAlgorithm>CRC32</ChecksumAlgorithm><ChecksumType>FULL_OBJECT</ChecksumType><Size>7721856</Size><Owner><ID>837840190e84147a78e731c3f55f7efb7e246873296a762ea250ee164e87f439</ID><DisplayName>dipti1010.singh</DisplayName></Owner><StorageClass>STANDARD</StorageClass></Contents></ListBucketResult>'
[ 2025-06-17 17:04:21,806 ] botocore.hooks - DEBUG - Event needs-retry.s3.ListObjects: calling handler <botocore.retryhandler.RetryHandler object at 0x0000013AAAA6E770>
[ 2025-06-17 17:04:21,806 ] botocore.retryhandler - DEBUG - No retry needed.
[ 2025-06-17 17:04:21,806 ] botocore.hooks - DEBUG - Event needs-retry.s3.ListObjects: calling handler <bound method S3RegionRedirectorv2.redirect_from_error of <botocore.utils.S3RegionRedirectorv2 object at 0x0000013AAAA6EAA0>>
[ 2025-06-17 17:04:21,806 ] botocore.hooks - DEBUG - Event after-call.s3.ListObjects: calling handler <function decode_list_object at 0x0000013AA8B7E440>
[ 2025-06-17 17:04:21,806 ] boto3.resources.factory - DEBUG - Loading s3:ObjectSummary
[ 2025-06-17 17:04:21,806 ] boto3.resources.model - DEBUG - Renaming ObjectSummary attribute key
[ 2025-06-17 17:04:21,807 ] botocore.hooks - DEBUG - Event creating-resource-class.s3.ObjectSummary: calling handler <function lazy_call.<locals>._handler at 0x0000013AB0ABBC70>
[ 2025-06-17 17:04:21,807 ] root - INFO - Exited the get_file_object method of S3Operations class
[ 2025-06-17 17:04:21,807 ] root - INFO - Entered the read_object method of S3Operations class
[ 2025-06-17 17:04:21,807 ] root - INFO - Exited the read_object method of S3Operations class
[ 2025-06-17 17:04:21,807 ] boto3.resources.action - DEBUG - Calling s3:get_object with {'Bucket': 'visa-classifier-model2024', 'Key': 'model.pkl'}
[ 2025-06-17 17:04:21,807 ] botocore.hooks - DEBUG - Event before-parameter-build.s3.GetObject: calling handler <function sse_md5 at 0x0000013AA8B7D1B0>
[ 2025-06-17 17:04:21,807 ] botocore.hooks - DEBUG - Event before-parameter-build.s3.GetObject: calling handler <function validate_bucket_name at 0x0000013AA8B7D120>
[ 2025-06-17 17:04:21,807 ] botocore.hooks - DEBUG - Event before-parameter-build.s3.GetObject: calling handler <function remove_bucket_from_url_paths_from_model at 0x0000013AA8B7EF80>
[ 2025-06-17 17:04:21,807 ] botocore.hooks - DEBUG - Event before-parameter-build.s3.GetObject: calling handler <bound method S3RegionRedirectorv2.annotate_request_context of <botocore.utils.S3RegionRedirectorv2 object at 0x0000013AAAA6EAA0>>
[ 2025-06-17 17:04:21,807 ] botocore.hooks - DEBUG - Event before-parameter-build.s3.GetObject: calling handler <bound method ClientCreator._inject_s3_input_parameters of <botocore.client.ClientCreator object at 0x0000013AA90676D0>>
[ 2025-06-17 17:04:21,807 ] botocore.hooks - DEBUG - Event before-parameter-build.s3.GetObject: calling handler <function generate_idempotent_uuid at 0x0000013AA8B7CF70>
[ 2025-06-17 17:04:21,808 ] botocore.hooks - DEBUG - Event before-endpoint-resolution.s3: calling handler <function customize_endpoint_resolver_builtins at 0x0000013AA8B7F130>
[ 2025-06-17 17:04:21,808 ] botocore.hooks - DEBUG - Event before-endpoint-resolution.s3: calling handler <bound method S3RegionRedirectorv2.redirect_from_cache of <botocore.utils.S3RegionRedirectorv2 object at 0x0000013AAAA6EAA0>>
[ 2025-06-17 17:04:21,808 ] botocore.regions - DEBUG - Calling endpoint provider with parameters: {'Bucket': 'visa-classifier-model2024', 'Region': 'us-east-1', 'UseFIPS': False, 'UseDualStack': False, 'ForcePathStyle': False, 'Accelerate': False, 'UseGlobalEndpoint': True, 'Key': 'model.pkl', 'DisableMultiRegionAccessPoints': False, 'UseArnRegion': True}
[ 2025-06-17 17:04:21,808 ] botocore.regions - DEBUG - Endpoint provider result: https://visa-classifier-model2024.s3.amazonaws.com
[ 2025-06-17 17:04:21,808 ] botocore.regions - DEBUG - Selecting from endpoint provider's list of auth schemes: "sigv4". User selected auth scheme is: "None"
[ 2025-06-17 17:04:21,808 ] botocore.regions - DEBUG - Selected auth type "v4" as "v4" with signing context params: {'region': 'us-east-1', 'signing_name': 's3', 'disableDoubleEncoding': True}
[ 2025-06-17 17:04:21,808 ] botocore.hooks - DEBUG - Event before-call.s3.GetObject: calling handler <function add_expect_header at 0x0000013AA8B7D480>
[ 2025-06-17 17:04:21,808 ] botocore.hooks - DEBUG - Event before-call.s3.GetObject: calling handler <bound method S3ExpressIdentityResolver.apply_signing_cache_key of <botocore.utils.S3ExpressIdentityResolver object at 0x0000013AAAA6E5C0>>
[ 2025-06-17 17:04:21,809 ] botocore.hooks - DEBUG - Event before-call.s3.GetObject: calling handler <function add_recursion_detection_header at 0x0000013AA8B7CB80>
[ 2025-06-17 17:04:21,809 ] botocore.hooks - DEBUG - Event before-call.s3.GetObject: calling handler <function inject_api_version_header_if_needed at 0x0000013AA8B7E7A0>
[ 2025-06-17 17:04:21,809 ] botocore.endpoint - DEBUG - Making request for OperationModel(name=GetObject) with params: {'url_path': '/model.pkl', 'query_string': {}, 'method': 'GET', 'headers': {'User-Agent': 'Boto3/1.35.14 md/Botocore#1.35.14 ua/2.0 os/windows#10 md/arch#amd64 lang/python#3.10.0 md/pyimpl#CPython cfg/retry-mode#legacy Botocore/1.35.14 Resource'}, 'body': b'', 'auth_path': '/visa-classifier-model2024/model.pkl', 'url': 'https://visa-classifier-model2024.s3.amazonaws.com/model.pkl', 'context': {'client_region': 'us-east-1', 'client_config': <botocore.config.Config object at 0x0000013AAA832F50>, 'has_streaming_input': False, 'auth_type': 'v4', 'unsigned_payload': None, 's3_redirect': {'redirected': False, 'bucket': 'visa-classifier-model2024', 'params': {'Bucket': 'visa-classifier-model2024', 'Key': 'model.pkl'}}, 'input_params': {'Bucket': 'visa-classifier-model2024', 'Key': 'model.pkl'}, 'signing': {'region': 'us-east-1', 'signing_name': 's3', 'disableDoubleEncoding': True}, 'endpoint_properties': {'authSchemes': [{'disableDoubleEncoding': True, 'name': 'sigv4', 'signingName': 's3', 'signingRegion': 'us-east-1'}]}}}
[ 2025-06-17 17:04:21,809 ] botocore.hooks - DEBUG - Event request-created.s3.GetObject: calling handler <bound method RequestSigner.handler of <botocore.signers.RequestSigner object at 0x0000013AAA832F20>>
[ 2025-06-17 17:04:21,809 ] botocore.hooks - DEBUG - Event choose-signer.s3.GetObject: calling handler <bound method ClientCreator._default_s3_presign_to_sigv2 of <botocore.client.ClientCreator object at 0x0000013AA90676D0>>
[ 2025-06-17 17:04:21,809 ] botocore.hooks - DEBUG - Event choose-signer.s3.GetObject: calling handler <function set_operation_specific_signer at 0x0000013AA8B7CDC0>
[ 2025-06-17 17:04:21,809 ] botocore.hooks - DEBUG - Event before-sign.s3.GetObject: calling handler <function remove_arn_from_signing_path at 0x0000013AA8B7F0A0>
[ 2025-06-17 17:04:21,809 ] botocore.hooks - DEBUG - Event before-sign.s3.GetObject: calling handler <bound method S3ExpressIdentityResolver.resolve_s3express_identity of <botocore.utils.S3ExpressIdentityResolver object at 0x0000013AAAA6E5C0>>
[ 2025-06-17 17:04:21,809 ] botocore.auth - DEBUG - Calculating signature using v4 auth.
[ 2025-06-17 17:04:21,809 ] botocore.auth - DEBUG - CanonicalRequest:
GET
/model.pkl

host:visa-classifier-model2024.s3.amazonaws.com
x-amz-content-sha256:e3b0c44298fc1c149afbf4c8996fb92427ae41e4649b934ca495991b7852b855
x-amz-date:20250617T113421Z

host;x-amz-content-sha256;x-amz-date
e3b0c44298fc1c149afbf4c8996fb92427ae41e4649b934ca495991b7852b855
[ 2025-06-17 17:04:21,809 ] botocore.auth - DEBUG - StringToSign:
AWS4-HMAC-SHA256
20250617T113421Z
20250617/us-east-1/s3/aws4_request
982178ae7e63076d6d995c8446c13013f4dfb275d01ca4baf22d56ef2ac7b03c
[ 2025-06-17 17:04:21,810 ] botocore.auth - DEBUG - Signature:
5c408b727e2b62c922a60269a039ee63393d2526e56ff7a39906fc66f95cc29e
[ 2025-06-17 17:04:21,810 ] botocore.hooks - DEBUG - Event request-created.s3.GetObject: calling handler <function add_retry_headers at 0x0000013AA8B7EEF0>
[ 2025-06-17 17:04:21,810 ] botocore.endpoint - DEBUG - Sending http request: <AWSPreparedRequest stream_output=True, method=GET, url=https://visa-classifier-model2024.s3.amazonaws.com/model.pkl, headers={'User-Agent': b'Boto3/1.35.14 md/Botocore#1.35.14 ua/2.0 os/windows#10 md/arch#amd64 lang/python#3.10.0 md/pyimpl#CPython cfg/retry-mode#legacy Botocore/1.35.14 Resource', 'X-Amz-Date': b'20250617T113421Z', 'X-Amz-Content-SHA256': b'e3b0c44298fc1c149afbf4c8996fb92427ae41e4649b934ca495991b7852b855', 'Authorization': b'AWS4-HMAC-SHA256 Credential=AKIA6ODU24MURBGYKB6W/20250617/us-east-1/s3/aws4_request, SignedHeaders=host;x-amz-content-sha256;x-amz-date, Signature=5c408b727e2b62c922a60269a039ee63393d2526e56ff7a39906fc66f95cc29e', 'amz-sdk-invocation-id': b'0f92f819-cb81-4606-94ac-f08944736dec', 'amz-sdk-request': b'attempt=1'}>
[ 2025-06-17 17:04:21,810 ] botocore.httpsession - DEBUG - Certificate path: D:\Data-Science-Projects\ML-DL-projects\visa-eligibility-classifier\venv\lib\site-packages\certifi\cacert.pem
[ 2025-06-17 17:04:22,139 ] urllib3.connectionpool - DEBUG - https://visa-classifier-model2024.s3.amazonaws.com:443 "GET /model.pkl HTTP/1.1" 200 7721856
[ 2025-06-17 17:04:22,140 ] botocore.parsers - DEBUG - Response headers: {'x-amz-id-2': 'rMSy2UMD3YjDw6YiBOooK9SCWNIr/hAbe9sagN24RrSJwCfXgHYILLBD3QvVOwbjZdtsu5IHoYwLqBdgmz2bj0rU21Kd614h2k8t5V71pDI=', 'x-amz-request-id': '5ZY8BRK11BG5M8GQ', 'Date': 'Tue, 17 Jun 2025 11:34:21 GMT', 'Last-Modified': 'Tue, 17 Jun 2025 10:07:54 GMT', 'ETag': '"6a7636814dcf549a329c2e7ac377feb9"', 'x-amz-server-side-encryption': 'AES256', 'Accept-Ranges': 'bytes', 'Content-Type': 'binary/octet-stream', 'Content-Length': '7721856', 'Server': 'AmazonS3'}
[ 2025-06-17 17:04:22,140 ] botocore.parsers - DEBUG - Response body:
<botocore.response.StreamingBody object at 0x0000013AA958A170>
[ 2025-06-17 17:04:22,140 ] botocore.hooks - DEBUG - Event needs-retry.s3.GetObject: calling handler <botocore.retryhandler.RetryHandler object at 0x0000013AAAA6E770>
[ 2025-06-17 17:04:22,140 ] botocore.retryhandler - DEBUG - No retry needed.
[ 2025-06-17 17:04:22,140 ] botocore.hooks - DEBUG - Event needs-retry.s3.GetObject: calling handler <bound method S3RegionRedirectorv2.redirect_from_error of <botocore.utils.S3RegionRedirectorv2 object at 0x0000013AAAA6EAA0>>
[ 2025-06-17 17:04:22,141 ] boto3.resources.action - DEBUG - Response: {'ResponseMetadata': {'RequestId': '5ZY8BRK11BG5M8GQ', 'HostId': 'rMSy2UMD3YjDw6YiBOooK9SCWNIr/hAbe9sagN24RrSJwCfXgHYILLBD3QvVOwbjZdtsu5IHoYwLqBdgmz2bj0rU21Kd614h2k8t5V71pDI=', 'HTTPStatusCode': 200, 'HTTPHeaders': {'x-amz-id-2': 'rMSy2UMD3YjDw6YiBOooK9SCWNIr/hAbe9sagN24RrSJwCfXgHYILLBD3QvVOwbjZdtsu5IHoYwLqBdgmz2bj0rU21Kd614h2k8t5V71pDI=', 'x-amz-request-id': '5ZY8BRK11BG5M8GQ', 'date': 'Tue, 17 Jun 2025 11:34:21 GMT', 'last-modified': 'Tue, 17 Jun 2025 10:07:54 GMT', 'etag': '"6a7636814dcf549a329c2e7ac377feb9"', 'x-amz-server-side-encryption': 'AES256', 'accept-ranges': 'bytes', 'content-type': 'binary/octet-stream', 'content-length': '7721856', 'server': 'AmazonS3'}, 'RetryAttempts': 0}, 'AcceptRanges': 'bytes', 'LastModified': datetime.datetime(2025, 6, 17, 10, 7, 54, tzinfo=tzutc()), 'ContentLength': 7721856, 'ETag': '"6a7636814dcf549a329c2e7ac377feb9"', 'ContentType': 'binary/octet-stream', 'ServerSideEncryption': 'AES256', 'Metadata': {}, 'Body': <botocore.response.StreamingBody object at 0x0000013AA958A170>}
[ 2025-06-17 17:04:27,926 ] root - INFO - Exited the load_model method of S3Operations class
[ 2025-06-17 17:04:27,927 ] root - INFO - Entered predict method of UTruckModel class
[ 2025-06-17 17:04:27,927 ] root - INFO - Using the trained model to get predictions
[ 2025-06-17 17:04:27,941 ] root - INFO - Used the trained model to get predictions
[ 2025-06-17 17:04:28,217 ] root - INFO - Result: EvaluateModelResponse(trained_model_f1_score=0.8574516632640807, best_model_f1_score=0.7209068010075566, is_model_accepted=True, difference=0.13654486225652418)
[ 2025-06-17 17:04:28,219 ] root - INFO - Model evaluation artifact: ModelEvaluationArtifact(is_model_accepted=True, changed_accuracy=0.13654486225652418, s3_model_path='model.pkl', trained_model_path='artifact\\06_17_2025_17_01_32\\model_trainer\\trained_model\\model.pkl')
[ 2025-06-17 17:04:28,219 ] root - INFO - Entered initiate_model_pusher method of ModelTrainer class
[ 2025-06-17 17:04:28,219 ] root - INFO - Uploading artifacts folder to s3 bucket
[ 2025-06-17 17:04:28,219 ] root - INFO - Entered the upload_file method of S3Operations class
[ 2025-06-17 17:04:28,220 ] root - INFO - Uploading artifact\06_17_2025_17_01_32\model_trainer\trained_model\model.pkl file to model.pkl file in visa-classifier-model2024 bucket
[ 2025-06-17 17:04:28,220 ] boto3.s3.transfer - DEBUG - Opting out of CRT Transfer Manager. Preferred client: auto, CRT available: False, Instance Optimized: False.
[ 2025-06-17 17:04:28,220 ] boto3.s3.transfer - DEBUG - Using default client. pid: 20300, thread: 20304
[ 2025-06-17 17:04:28,220 ] s3transfer.utils - DEBUG - Acquiring 0
[ 2025-06-17 17:04:28,221 ] s3transfer.tasks - DEBUG - UploadSubmissionTask(transfer_id=0, {'transfer_future': <s3transfer.futures.TransferFuture object at 0x0000013AA958A2F0>}) about to wait for the following futures []
[ 2025-06-17 17:04:28,221 ] s3transfer.tasks - DEBUG - UploadSubmissionTask(transfer_id=0, {'transfer_future': <s3transfer.futures.TransferFuture object at 0x0000013AA958A2F0>}) done waiting for dependent futures
[ 2025-06-17 17:04:28,221 ] s3transfer.tasks - DEBUG - Executing task UploadSubmissionTask(transfer_id=0, {'transfer_future': <s3transfer.futures.TransferFuture object at 0x0000013AA958A2F0>}) with kwargs {'client': <botocore.client.S3 object at 0x0000013AAA833190>, 'config': <boto3.s3.transfer.TransferConfig object at 0x0000013AA90C1B10>, 'osutil': <s3transfer.utils.OSUtils object at 0x0000013AA90C2D70>, 'request_executor': <s3transfer.futures.BoundedExecutor object at 0x0000013AA90C3040>, 'transfer_future': <s3transfer.futures.TransferFuture object at 0x0000013AA958A2F0>}
[ 2025-06-17 17:04:28,222 ] s3transfer.futures - DEBUG - Submitting task PutObjectTask(transfer_id=0, {'bucket': 'visa-classifier-model2024', 'key': 'model.pkl', 'extra_args': {}}) to executor <s3transfer.futures.BoundedExecutor object at 0x0000013AA90C3040> for transfer request: 0.
[ 2025-06-17 17:04:28,222 ] s3transfer.utils - DEBUG - Acquiring 0
[ 2025-06-17 17:04:28,222 ] s3transfer.tasks - DEBUG - PutObjectTask(transfer_id=0, {'bucket': 'visa-classifier-model2024', 'key': 'model.pkl', 'extra_args': {}}) about to wait for the following futures []
[ 2025-06-17 17:04:28,222 ] s3transfer.utils - DEBUG - Releasing acquire 0/None
[ 2025-06-17 17:04:28,222 ] s3transfer.tasks - DEBUG - PutObjectTask(transfer_id=0, {'bucket': 'visa-classifier-model2024', 'key': 'model.pkl', 'extra_args': {}}) done waiting for dependent futures
[ 2025-06-17 17:04:28,223 ] s3transfer.tasks - DEBUG - Executing task PutObjectTask(transfer_id=0, {'bucket': 'visa-classifier-model2024', 'key': 'model.pkl', 'extra_args': {}}) with kwargs {'client': <botocore.client.S3 object at 0x0000013AAA833190>, 'fileobj': <s3transfer.utils.ReadFileChunk object at 0x0000013AA958A290>, 'bucket': 'visa-classifier-model2024', 'key': 'model.pkl', 'extra_args': {}}
[ 2025-06-17 17:04:28,223 ] botocore.hooks - DEBUG - Event before-parameter-build.s3.PutObject: calling handler <function validate_ascii_metadata at 0x0000013AA8B7DD80>
[ 2025-06-17 17:04:28,223 ] botocore.hooks - DEBUG - Event before-parameter-build.s3.PutObject: calling handler <function sse_md5 at 0x0000013AA8B7D1B0>
[ 2025-06-17 17:04:28,224 ] botocore.hooks - DEBUG - Event before-parameter-build.s3.PutObject: calling handler <function convert_body_to_file_like_object at 0x0000013AA8B7E680>
[ 2025-06-17 17:04:28,224 ] botocore.hooks - DEBUG - Event before-parameter-build.s3.PutObject: calling handler <function validate_bucket_name at 0x0000013AA8B7D120>
[ 2025-06-17 17:04:28,224 ] botocore.hooks - DEBUG - Event before-parameter-build.s3.PutObject: calling handler <function remove_bucket_from_url_paths_from_model at 0x0000013AA8B7EF80>
[ 2025-06-17 17:04:28,224 ] botocore.hooks - DEBUG - Event before-parameter-build.s3.PutObject: calling handler <bound method S3RegionRedirectorv2.annotate_request_context of <botocore.utils.S3RegionRedirectorv2 object at 0x0000013AAAA6EAA0>>
[ 2025-06-17 17:04:28,224 ] botocore.hooks - DEBUG - Event before-parameter-build.s3.PutObject: calling handler <bound method ClientCreator._inject_s3_input_parameters of <botocore.client.ClientCreator object at 0x0000013AA90676D0>>
[ 2025-06-17 17:04:28,224 ] botocore.hooks - DEBUG - Event before-parameter-build.s3.PutObject: calling handler <function generate_idempotent_uuid at 0x0000013AA8B7CF70>
[ 2025-06-17 17:04:28,224 ] botocore.hooks - DEBUG - Event before-endpoint-resolution.s3: calling handler <function customize_endpoint_resolver_builtins at 0x0000013AA8B7F130>
[ 2025-06-17 17:04:28,224 ] botocore.hooks - DEBUG - Event before-endpoint-resolution.s3: calling handler <bound method S3RegionRedirectorv2.redirect_from_cache of <botocore.utils.S3RegionRedirectorv2 object at 0x0000013AAAA6EAA0>>
[ 2025-06-17 17:04:28,224 ] botocore.regions - DEBUG - Calling endpoint provider with parameters: {'Bucket': 'visa-classifier-model2024', 'Region': 'us-east-1', 'UseFIPS': False, 'UseDualStack': False, 'ForcePathStyle': False, 'Accelerate': False, 'UseGlobalEndpoint': True, 'Key': 'model.pkl', 'DisableMultiRegionAccessPoints': False, 'UseArnRegion': True}
[ 2025-06-17 17:04:28,224 ] botocore.regions - DEBUG - Endpoint provider result: https://visa-classifier-model2024.s3.amazonaws.com
[ 2025-06-17 17:04:28,224 ] botocore.regions - DEBUG - Selecting from endpoint provider's list of auth schemes: "sigv4". User selected auth scheme is: "None"
[ 2025-06-17 17:04:28,224 ] botocore.regions - DEBUG - Selected auth type "v4" as "v4" with signing context params: {'region': 'us-east-1', 'signing_name': 's3', 'disableDoubleEncoding': True}
[ 2025-06-17 17:04:28,225 ] botocore.hooks - DEBUG - Event before-call.s3.PutObject: calling handler <function conditionally_calculate_checksum at 0x0000013AA8A060E0>
[ 2025-06-17 17:04:28,251 ] botocore.hooks - DEBUG - Event before-call.s3.PutObject: calling handler <function add_expect_header at 0x0000013AA8B7D480>
[ 2025-06-17 17:04:28,251 ] botocore.handlers - DEBUG - Adding expect 100 continue header to request.
[ 2025-06-17 17:04:28,251 ] botocore.hooks - DEBUG - Event before-call.s3.PutObject: calling handler <bound method S3ExpressIdentityResolver.apply_signing_cache_key of <botocore.utils.S3ExpressIdentityResolver object at 0x0000013AAAA6E5C0>>
[ 2025-06-17 17:04:28,251 ] botocore.hooks - DEBUG - Event before-call.s3.PutObject: calling handler <function add_recursion_detection_header at 0x0000013AA8B7CB80>
[ 2025-06-17 17:04:28,251 ] botocore.hooks - DEBUG - Event before-call.s3.PutObject: calling handler <function inject_api_version_header_if_needed at 0x0000013AA8B7E7A0>
[ 2025-06-17 17:04:28,251 ] botocore.endpoint - DEBUG - Making request for OperationModel(name=PutObject) with params: {'url_path': '/model.pkl', 'query_string': {}, 'method': 'PUT', 'headers': {'User-Agent': 'Boto3/1.35.14 md/Botocore#1.35.14 ua/2.0 os/windows#10 md/arch#amd64 lang/python#3.10.0 md/pyimpl#CPython cfg/retry-mode#legacy Botocore/1.35.14 Resource', 'Content-MD5': '6u4JEY2A6rFecAawKRqFdQ==', 'Expect': '100-continue'}, 'body': <s3transfer.utils.ReadFileChunk object at 0x0000013AA958A290>, 'auth_path': '/visa-classifier-model2024/model.pkl', 'url': 'https://visa-classifier-model2024.s3.amazonaws.com/model.pkl', 'context': {'client_region': 'us-east-1', 'client_config': <botocore.config.Config object at 0x0000013AAA832F50>, 'has_streaming_input': True, 'auth_type': 'v4', 'unsigned_payload': None, 's3_redirect': {'redirected': False, 'bucket': 'visa-classifier-model2024', 'params': {'Bucket': 'visa-classifier-model2024', 'Key': 'model.pkl', 'Body': <s3transfer.utils.ReadFileChunk object at 0x0000013AA958A290>}}, 'input_params': {'Bucket': 'visa-classifier-model2024', 'Key': 'model.pkl'}, 'signing': {'region': 'us-east-1', 'signing_name': 's3', 'disableDoubleEncoding': True}, 'endpoint_properties': {'authSchemes': [{'disableDoubleEncoding': True, 'name': 'sigv4', 'signingName': 's3', 'signingRegion': 'us-east-1'}]}}}
[ 2025-06-17 17:04:28,252 ] botocore.hooks - DEBUG - Event request-created.s3.PutObject: calling handler <function signal_not_transferring at 0x0000013AA8C6FE20>
[ 2025-06-17 17:04:28,252 ] botocore.hooks - DEBUG - Event request-created.s3.PutObject: calling handler <bound method RequestSigner.handler of <botocore.signers.RequestSigner object at 0x0000013AAA832F20>>
[ 2025-06-17 17:04:28,252 ] botocore.hooks - DEBUG - Event choose-signer.s3.PutObject: calling handler <bound method ClientCreator._default_s3_presign_to_sigv2 of <botocore.client.ClientCreator object at 0x0000013AA90676D0>>
[ 2025-06-17 17:04:28,252 ] botocore.hooks - DEBUG - Event choose-signer.s3.PutObject: calling handler <function set_operation_specific_signer at 0x0000013AA8B7CDC0>
[ 2025-06-17 17:04:28,252 ] botocore.hooks - DEBUG - Event before-sign.s3.PutObject: calling handler <function remove_arn_from_signing_path at 0x0000013AA8B7F0A0>
[ 2025-06-17 17:04:28,253 ] botocore.hooks - DEBUG - Event before-sign.s3.PutObject: calling handler <bound method S3ExpressIdentityResolver.resolve_s3express_identity of <botocore.utils.S3ExpressIdentityResolver object at 0x0000013AAAA6E5C0>>
[ 2025-06-17 17:04:28,253 ] botocore.auth - DEBUG - Calculating signature using v4 auth.
[ 2025-06-17 17:04:28,253 ] botocore.auth - DEBUG - CanonicalRequest:
PUT
/model.pkl

content-md5:6u4JEY2A6rFecAawKRqFdQ==
host:visa-classifier-model2024.s3.amazonaws.com
x-amz-content-sha256:UNSIGNED-PAYLOAD
x-amz-date:20250617T113428Z

content-md5;host;x-amz-content-sha256;x-amz-date
UNSIGNED-PAYLOAD
[ 2025-06-17 17:04:28,253 ] botocore.auth - DEBUG - StringToSign:
AWS4-HMAC-SHA256
20250617T113428Z
20250617/us-east-1/s3/aws4_request
7a87ea6f42c293ad9ead434a5cdf9f99351375ad6748789800915cfd0bdefa9b
[ 2025-06-17 17:04:28,253 ] botocore.auth - DEBUG - Signature:
7721158efdb727e6385c71dfc619ca4942a8feaf16e44a59c41ad788a20d0a29
[ 2025-06-17 17:04:28,253 ] botocore.hooks - DEBUG - Event request-created.s3.PutObject: calling handler <function signal_transferring at 0x0000013AA8C6FEB0>
[ 2025-06-17 17:04:28,253 ] botocore.hooks - DEBUG - Event request-created.s3.PutObject: calling handler <function add_retry_headers at 0x0000013AA8B7EEF0>
[ 2025-06-17 17:04:28,253 ] botocore.endpoint - DEBUG - Sending http request: <AWSPreparedRequest stream_output=False, method=PUT, url=https://visa-classifier-model2024.s3.amazonaws.com/model.pkl, headers={'User-Agent': b'Boto3/1.35.14 md/Botocore#1.35.14 ua/2.0 os/windows#10 md/arch#amd64 lang/python#3.10.0 md/pyimpl#CPython cfg/retry-mode#legacy Botocore/1.35.14 Resource', 'Content-MD5': b'6u4JEY2A6rFecAawKRqFdQ==', 'Expect': b'100-continue', 'X-Amz-Date': b'20250617T113428Z', 'X-Amz-Content-SHA256': b'UNSIGNED-PAYLOAD', 'Authorization': b'AWS4-HMAC-SHA256 Credential=AKIA6ODU24MURBGYKB6W/20250617/us-east-1/s3/aws4_request, SignedHeaders=content-md5;host;x-amz-content-sha256;x-amz-date, Signature=7721158efdb727e6385c71dfc619ca4942a8feaf16e44a59c41ad788a20d0a29', 'amz-sdk-invocation-id': b'd0e33f38-a813-46e3-81d8-9b2586b1c231', 'amz-sdk-request': b'attempt=1', 'Content-Length': '7686996'}>
[ 2025-06-17 17:04:28,254 ] botocore.httpsession - DEBUG - Certificate path: D:\Data-Science-Projects\ML-DL-projects\visa-eligibility-classifier\venv\lib\site-packages\certifi\cacert.pem
[ 2025-06-17 17:04:28,254 ] botocore.awsrequest - DEBUG - Waiting for 100 Continue response.
[ 2025-06-17 17:04:28,494 ] botocore.awsrequest - DEBUG - 100 Continue response seen, now sending request body.
[ 2025-06-17 17:04:56,581 ] urllib3.connectionpool - DEBUG - https://visa-classifier-model2024.s3.amazonaws.com:443 "PUT /model.pkl HTTP/1.1" 200 0
[ 2025-06-17 17:04:56,582 ] botocore.parsers - DEBUG - Response headers: {'x-amz-id-2': '3Rq5+9II6yfNywA0NjVsQBOMe2jfnoiO1pYhjClyMoDKQFT9rGG+E79Temsz0u2Y3Yx5kPYmUedJLg36kLmTC+0w+5zLgyyr0OvvOmlK1bY=', 'x-amz-request-id': 'QDG9S8S107B5SW00', 'Date': 'Tue, 17 Jun 2025 11:34:27 GMT', 'x-amz-server-side-encryption': 'AES256', 'ETag': '"eaee09118d80eab15e7006b0291a8575"', 'x-amz-checksum-crc64nvme': 'tE/a3a7bAqk=', 'x-amz-checksum-type': 'FULL_OBJECT', 'Content-Length': '0', 'Server': 'AmazonS3'}
[ 2025-06-17 17:04:56,582 ] botocore.parsers - DEBUG - Response body:
b''
[ 2025-06-17 17:04:56,584 ] botocore.hooks - DEBUG - Event needs-retry.s3.PutObject: calling handler <botocore.retryhandler.RetryHandler object at 0x0000013AAAA6E770>
[ 2025-06-17 17:04:56,584 ] botocore.retryhandler - DEBUG - No retry needed.
[ 2025-06-17 17:04:56,584 ] botocore.hooks - DEBUG - Event needs-retry.s3.PutObject: calling handler <bound method S3RegionRedirectorv2.redirect_from_error of <botocore.utils.S3RegionRedirectorv2 object at 0x0000013AAAA6EAA0>>
[ 2025-06-17 17:04:56,585 ] s3transfer.utils - DEBUG - Releasing acquire 0/None
[ 2025-06-17 17:04:56,586 ] root - INFO - Uploaded artifact\06_17_2025_17_01_32\model_trainer\trained_model\model.pkl file to model.pkl file in visa-classifier-model2024 bucket
[ 2025-06-17 17:04:56,586 ] root - INFO - Remove is set to False, not deleted the file
[ 2025-06-17 17:04:56,586 ] root - INFO - Exited the upload_file method of S3Operations class
[ 2025-06-17 17:04:56,586 ] root - INFO - Uploaded artifacts folder to s3 bucket
[ 2025-06-17 17:04:56,586 ] root - INFO - Model pusher artifact: [ModelPusherArtifact(bucket_name='visa-classifier-model2024', s3_model_path='model.pkl')]
[ 2025-06-17 17:04:56,586 ] root - INFO - Exited initiate_model_pusher method of ModelTrainer class
